git stdout
None
git stderr
None
git stdout
None
git stderr
None
git stdout
None
git stderr
None
git stdout
None
git stderr
None
Program start 2019git stdout
None
git stderr
None
Program start 2019git stdout
None
git stderr
None
Program start 2019git stdout
b'Already up to date.\n'
git stderr
None
Program start 2019git stdout
b'Already up to date.\n'
git stderr
None
Program start 2019git stdout
b'Already up to date.\n'
git stderr
None
